// Jest Snapshot v1, https://goo.gl/fbAQLP

exports[`Test Application  renders correctly 1`] = `
<div
  className="sc-bdVaJa ljlmJM"
>
  <div
    className="bounce1"
  />
  <div
    className="bounce2"
  />
  <div
    className="bounce3"
  />
</div>
`;
