// Jest Snapshot v1, https://goo.gl/fbAQLP

exports[`Test Nfc renders correctly 1`] = `
<div
  className="sc-ifAKCX sc-EHOje sc-htoDjs sc-kGXeez colIYD"
>
  <div
    className="sc-kpOJdX kAzjOl basic-select css-2b097c-container"
    onKeyDown={[Function]}
  >
    <div
      className="select__control css-yk16xz-control"
      onMouseDown={[Function]}
      onTouchEnd={[Function]}
    >
      <div
        className="select__value-container select__value-container--has-value css-1hwfws3"
      >
        <div
          className="select__single-value css-1uccc91-singleValue"
        >
          Hackathon Check-in
        </div>
        <div
          className="css-w8afj7-Input"
        >
          <div
            className="select__input"
            style={
              Object {
                "display": "inline-block",
              }
            }
          >
            <input
              aria-autocomplete="list"
              autoCapitalize="none"
              autoComplete="off"
              autoCorrect="off"
              disabled={false}
              id="react-select-2-input"
              onBlur={[Function]}
              onChange={[Function]}
              onFocus={[Function]}
              spellCheck="false"
              style={
                Object {
                  "background": 0,
                  "border": 0,
                  "boxSizing": "content-box",
                  "color": "inherit",
                  "fontSize": "inherit",
                  "label": "input",
                  "opacity": 1,
                  "outline": 0,
                  "padding": 0,
                  "width": "1px",
                }
              }
              tabIndex="0"
              type="text"
              value=""
            />
            <div
              style={
                Object {
                  "height": 0,
                  "left": 0,
                  "overflow": "scroll",
                  "position": "absolute",
                  "top": 0,
                  "visibility": "hidden",
                  "whiteSpace": "pre",
                }
              }
            >
              
            </div>
          </div>
        </div>
      </div>
      <div
        className="select__indicators css-1g48xl4-IndicatorsContainer"
      >
        <span
          className="select__indicator-separator css-1okebmr-indicatorSeparator"
        />
        <div
          aria-hidden="true"
          className="select__indicator select__dropdown-indicator css-tlfecz-indicatorContainer"
          onMouseDown={[Function]}
          onTouchEnd={[Function]}
        >
          <svg
            aria-hidden="true"
            className="css-tj5bde-Svg"
            focusable="false"
            height={20}
            viewBox="0 0 20 20"
            width={20}
          >
            <path
              d="M4.516 7.548c0.436-0.446 1.043-0.481 1.576 0l3.908 3.747 3.908-3.747c0.533-0.481 1.141-0.446 1.574 0 0.436 0.445 0.408 1.197 0 1.615-0.406 0.418-4.695 4.502-4.695 4.502-0.217 0.223-0.502 0.335-0.787 0.335s-0.57-0.112-0.789-0.335c0 0-4.287-4.084-4.695-4.502s-0.436-1.17 0-1.615z"
            />
          </svg>
        </div>
      </div>
    </div>
    <input
      name="colors"
      type="hidden"
      value="check_in"
    />
  </div>
  <input
    className="sc-bdVaJa fBCzSi"
    placeholder="Scan NFC"
    width="100%"
  />
  <input
    className="sc-bdVaJa kmhdzs"
    placeholder="Manual Search"
    width="100%"
  />
  <label
    className="sc-bwzfXH iONoTS"
  >
    Unadmit Mode: 
    <div
      className="sc-htpNat gsOdAy"
      onClick={[Function]}
    >
      <div
        checked={false}
        className="sc-bxivhb jkHbZN"
      />
    </div>
  </label>
  <button
    className="sc-jzJRlG sc-chPdSV cQiqBW"
    height="auto"
    onClick={[Function]}
    width="auto"
  >
    <div
      className="sc-gqjmRU IqLtN"
      color="white"
      fontSize="1.4rem"
    >
      Submit
    </div>
  </button>
</div>
`;
