// Jest Snapshot v1, https://goo.gl/fbAQLP

exports[`ActionButton 1`] = `
<button
  className="sc-bdVaJa oLnuV"
/>
`;
