// Jest Snapshot v1, https://goo.gl/fbAQLP

exports[`Test Sidebar Sidebar renders correctly 1`] = `
<div
  className="sc-fYxtnH jgPElb"
>
  <div
    className="sc-tilXH cItYAS"
  >
    <div
      className="sc-hEsumM hzCnxB"
    >
      <img
        alt="VH graphic"
        src="icon-mock"
      />
    </div>
    <hr
      className="sc-ktHwxA bXeZNy"
    />
    <div
      className="sc-bdVaJa sc-bwzfXH sc-bZQynM jxTPlc"
      height="calc(100% - calc(8rem + 160px))"
    >
      <ul
        className="sc-cmTdod frneCf"
      >
        <li>
          <a
            aria-current={null}
            className="sc-iELTvK clnfBm"
            href="/dashboard"
            onClick={[Function]}
          >
            <button
              className="sc-gqjmRU sc-kafWEX gPSSz sc-fjdhpX cVvOdu"
            >
              <div
                className="sc-htoDjs sc-kafWEX gPSSz sc-dnqmqq graBnM"
              >
                Dashboard
              </div>
            </button>
          </a>
        </li>
        <li>
          <a
            aria-current={null}
            className="sc-iELTvK clnfBm"
            href="/profile"
            onClick={[Function]}
          >
            <button
              className="sc-gqjmRU sc-kafWEX gPSSz sc-fjdhpX cVvOdu"
            >
              <div
                className="sc-htoDjs sc-kafWEX gPSSz sc-dnqmqq graBnM"
              >
                Profile
              </div>
            </button>
          </a>
        </li>
        <li>
          <a
            aria-current={null}
            className="sc-iELTvK clnfBm"
            href="/application"
            onClick={[Function]}
          >
            <button
              className="sc-gqjmRU sc-kafWEX gPSSz sc-fjdhpX cVvOdu"
            >
              <div
                className="sc-htoDjs sc-kafWEX gPSSz sc-dnqmqq graBnM"
              >
                Application
              </div>
            </button>
          </a>
        </li>
        <li>
          <a
            aria-current={null}
            className="sc-iELTvK clnfBm"
            href="/team"
            onClick={[Function]}
          >
            <button
              className="sc-gqjmRU sc-kafWEX gPSSz sc-fjdhpX cVvOdu"
            >
              <div
                className="sc-htoDjs sc-kafWEX gPSSz sc-dnqmqq graBnM"
              >
                Team
              </div>
            </button>
          </a>
        </li>
        <li>
          <a
            aria-current={null}
            className="sc-iELTvK clnfBm"
            href="/help"
            onClick={[Function]}
          >
            <button
              className="sc-gqjmRU sc-kafWEX gPSSz sc-fjdhpX cVvOdu"
            >
              <div
                className="sc-htoDjs sc-kafWEX gPSSz sc-dnqmqq graBnM"
              >
                Help
              </div>
            </button>
          </a>
        </li>
      </ul>
      <div
        className="sc-bdVaJa sc-bwzfXH sc-EHOje jxVFlK"
        height="min-content"
      >
        <a
          className="sc-feJyhm jIUVFU"
          href="/api/logout"
        >
          <button
            className="sc-gqjmRU sc-kafWEX gPSSz sc-fjdhpX cVvOdu"
          >
            <div
              className="sc-htoDjs sc-kafWEX gPSSz sc-dnqmqq graBnM"
            >
              Logout
            </div>
          </button>
        </a>
        <hr
          className="sc-ktHwxA sc-cIShpX fosEBC"
        />
        <h1
          className="sc-jzJRlG cRPkSq"
        >
          VandyHacks 2019
        </h1>
      </div>
    </div>
  </div>
</div>
`;
