// Jest Snapshot v1, https://goo.gl/fbAQLP

exports[`Test Status renders correctly 1`] = `
<div
  className="sc-bdVaJa fhDPKM"
  value="mock"
>
  mock
</div>
`;
