// Jest Snapshot v1, https://goo.gl/fbAQLP

exports[`Test TextLink renders correctly 1`] = `
<a
  className="sc-bdVaJa cXunfN"
  href="/"
  onClick={[Function]}
/>
`;
