// Jest Snapshot v1, https://goo.gl/fbAQLP

exports[`Test Frame Frame renders correctly 1`] = `
<div
  className="sc-cmTdod hotxOg"
>
  <div
    className="header"
  >
    <div
      className="sc-bdVaJa sc-bwzfXH sc-htpNat sc-bxivhb efNTZh"
    >
      <h1
        className="sc-brqgnP hfqstP"
        color="#6979f8"
      >
        Dashboard
      </h1>
    </div>
    <div
      className="sc-jwKygS blCSVl"
    />
  </div>
  <div
    className="sc-jnlKLf hcEWBJ"
  >
    <div
      className="sc-fYxtnH kUHoNM"
    >
      <div
        className="sc-tilXH gXmhSq"
      >
        <img
          alt="VH graphic"
          src="icon-mock"
        />
      </div>
      <hr
        className="sc-hEsumM iFVKfA"
      />
      <div
        className="sc-bdVaJa sc-bwzfXH sc-bZQynM jxTPlc"
        height="calc(100% - calc(8rem + 160px))"
      >
        <ul
          className="sc-iELTvK eCOiTy"
        >
          <li>
            <a
              aria-current={null}
              className="sc-feJyhm jIUVFU"
              href="/dashboard"
              onClick={[Function]}
            >
              <button
                className="sc-gqjmRU sc-cIShpX imiESg sc-fjdhpX cVvOdu"
              >
                <div
                  className="sc-htoDjs sc-cIShpX imiESg sc-dnqmqq graBnM"
                >
                  Dashboard
                </div>
              </button>
            </a>
          </li>
          <li>
            <a
              aria-current={null}
              className="sc-feJyhm jIUVFU"
              href="/profile"
              onClick={[Function]}
            >
              <button
                className="sc-gqjmRU sc-cIShpX imiESg sc-fjdhpX cVvOdu"
              >
                <div
                  className="sc-htoDjs sc-cIShpX imiESg sc-dnqmqq graBnM"
                >
                  Profile
                </div>
              </button>
            </a>
          </li>
          <li>
            <a
              aria-current={null}
              className="sc-feJyhm jIUVFU"
              href="/application"
              onClick={[Function]}
            >
              <button
                className="sc-gqjmRU sc-cIShpX imiESg sc-fjdhpX cVvOdu"
              >
                <div
                  className="sc-htoDjs sc-cIShpX imiESg sc-dnqmqq graBnM"
                >
                  Application
                </div>
              </button>
            </a>
          </li>
          <li>
            <a
              aria-current={null}
              className="sc-feJyhm jIUVFU"
              href="/team"
              onClick={[Function]}
            >
              <button
                className="sc-gqjmRU sc-cIShpX imiESg sc-fjdhpX cVvOdu"
              >
                <div
                  className="sc-htoDjs sc-cIShpX imiESg sc-dnqmqq graBnM"
                >
                  Team
                </div>
              </button>
            </a>
          </li>
          <li>
            <a
              aria-current={null}
              className="sc-feJyhm jIUVFU"
              href="/help"
              onClick={[Function]}
            >
              <button
                className="sc-gqjmRU sc-cIShpX imiESg sc-fjdhpX cVvOdu"
              >
                <div
                  className="sc-htoDjs sc-cIShpX imiESg sc-dnqmqq graBnM"
                >
                  Help
                </div>
              </button>
            </a>
          </li>
        </ul>
        <div
          className="sc-bdVaJa sc-bwzfXH sc-EHOje jxVFlK"
          height="min-content"
        >
          <a
            className="sc-kafWEX drAgnQ"
            href="/api/logout"
          >
            <button
              className="sc-gqjmRU sc-cIShpX imiESg sc-fjdhpX cVvOdu"
            >
              <div
                className="sc-htoDjs sc-cIShpX imiESg sc-dnqmqq graBnM"
              >
                Logout
              </div>
            </button>
          </a>
          <hr
            className="sc-hEsumM sc-ktHwxA kUBIVC"
          />
          <h1
            className="sc-jzJRlG cRPkSq"
          >
            VandyHacks 2019
          </h1>
        </div>
      </div>
    </div>
  </div>
  <div
    className="content sc-gzVnrw jfMsJw"
  >
    <div
      className="sc-bdVaJa sc-bwzfXH sc-ifAKCX kHHPcv"
    >
      <div
        className="sc-bdVaJa sc-bwzfXH sc-ifAKCX sc-kGXeez cFPkIM"
        height="min-content"
        width="36rem"
      >
        <div
          className="sc-bdVaJa sc-bwzfXH dgnCwc"
        >
          <h1
            className="sc-brqgnP dmtviw"
            fontSize="1.8rem"
          >
            Your application status is:
          </h1>
          <div
            className="sc-VigVT sc-jTzLTM bHJZvB"
          >
            <div
              className="sc-htoDjs ewDcVm"
              color="#FF647C"
              fontSize="1.8rem"
              fontWeight="bold"
            >
              INCOMPLETE
            </div>
          </div>
          <img
            alt="Man wearing hoodie at holographic computer"
            src={[Function]}
          />
          <h1
            className="sc-jzJRlG koJNxc"
            color="#3F3356"
            fontSize="1rem"
          >
            <span
              style={
                Object {
                  "fontWeight": "bold",
                }
              }
            >
              You still need to finish your application.
            </span>
            <br />
            The deadline is January 1, 2020 at 11:59 pm (EST).
          </h1>
          <a
            href="/application"
            onClick={[Function]}
            style={
              Object {
                "textDecoration": "none",
              }
            }
          >
            <button
              className="sc-gqjmRU sc-jKJlTe egCSKH"
            >
              <div
                className="sc-htoDjs kSfDbb"
                color="white"
                fontSize="1.4em"
              >
                Complete your application
              </div>
            </button>
          </a>
        </div>
      </div>
    </div>
  </div>
</div>
`;
