// Jest Snapshot v1, https://goo.gl/fbAQLP

exports[`Test SchoolTable renders properly 1`] = `
<ul
  className="sc-fzpjYC igxYiS"
>
  <li
    className="sc-fznxsB cZeEYU"
  >
    <span
      className="sc-fzoLag fNjFCK"
    >
      mockschool: 
    </span>
    <span
      className="sc-fzoXzr jKPuEI"
    >
      1
    </span>
  </li>
</ul>
`;
