// Jest Snapshot v1, https://goo.gl/fbAQLP

exports[`Test Vaken Vaken main app renders correctly 1`] = `null`;
